Archive member included to satisfy reference by file (symbol)

c:/program files (x86)/atmel/studio/7.0/toolchain/avr8/avr8-gnu-toolchain/bin/../lib/gcc/avr/4.9.2/avr5\libgcc.a(_exit.o)
                              C:/Program Files (x86)/Atmel/Studio/7.0/Packs/atmel/ATmega_DFP/1.0.98/gcc/dev/atmega32u4/avr5/crtatmega32u4.o (exit)
c:/program files (x86)/atmel/studio/7.0/toolchain/avr8/avr8-gnu-toolchain/bin/../lib/gcc/avr/4.9.2/avr5\libgcc.a(_tablejump2.o)
                              LUFA/Drivers/USB/Class/Common/HIDParser.o (__tablejump2__)
c:/program files (x86)/atmel/studio/7.0/toolchain/avr8/avr8-gnu-toolchain/bin/../lib/gcc/avr/4.9.2/avr5\libgcc.a(_copy_data.o)
                              FreeRTOS/tasks.o (__do_copy_data)
c:/program files (x86)/atmel/studio/7.0/toolchain/avr8/avr8-gnu-toolchain/bin/../lib/gcc/avr/4.9.2/avr5\libgcc.a(_clear_bss.o)
                              FreeRTOS/croutine.o (__do_clear_bss)
c:/program files (x86)/atmel/studio/7.0/toolchain/avr8/avr8-gnu-toolchain/bin/../lib/gcc/avr/4.9.2/avr5\libgcc.a(_ashrdi3.o)
                              nrf24l01p/nrf24l01p.o (__lshrdi3)
c:/program files (x86)/atmel/studio/7.0/toolchain/avr8/avr8-gnu-toolchain/bin/../lib/gcc/avr/4.9.2/../../../../avr/lib/avr5\libc.a(memcpy_P.o)
                              LUFA/Drivers/USB/Class/Device/RNDISClassDevice.o (memcpy_P)
c:/program files (x86)/atmel/studio/7.0/toolchain/avr8/avr8-gnu-toolchain/bin/../lib/gcc/avr/4.9.2/../../../../avr/lib/avr5\libc.a(memcmp.o)
                              LUFA/Drivers/USB/Class/Device/HIDClassDevice.o (memcmp)
c:/program files (x86)/atmel/studio/7.0/toolchain/avr8/avr8-gnu-toolchain/bin/../lib/gcc/avr/4.9.2/../../../../avr/lib/avr5\libc.a(memcpy.o)
                              FreeRTOS/queue.o (memcpy)
c:/program files (x86)/atmel/studio/7.0/toolchain/avr8/avr8-gnu-toolchain/bin/../lib/gcc/avr/4.9.2/../../../../avr/lib/avr5\libc.a(memset.o)
                              LUFA/Drivers/USB/Class/Device/HIDClassDevice.o (memset)
c:/program files (x86)/atmel/studio/7.0/toolchain/avr8/avr8-gnu-toolchain/bin/../lib/gcc/avr/4.9.2/../../../../avr/lib/avr5\libc.a(iob.o)
                              LUFA/Drivers/Peripheral/AVR8/Serial_AVR8.o (__iob)
c:/program files (x86)/atmel/studio/7.0/toolchain/avr8/avr8-gnu-toolchain/bin/../lib/gcc/avr/4.9.2/../../../../avr/lib/avr5\libc.a(sprintf.o)
                              main.o (sprintf)
c:/program files (x86)/atmel/studio/7.0/toolchain/avr8/avr8-gnu-toolchain/bin/../lib/gcc/avr/4.9.2/../../../../avr/lib/avr5\libc.a(vfprintf_std.o)
                              c:/program files (x86)/atmel/studio/7.0/toolchain/avr8/avr8-gnu-toolchain/bin/../lib/gcc/avr/4.9.2/../../../../avr/lib/avr5\libc.a(sprintf.o) (vfprintf)
c:/program files (x86)/atmel/studio/7.0/toolchain/avr8/avr8-gnu-toolchain/bin/../lib/gcc/avr/4.9.2/../../../../avr/lib/avr5\libc.a(strnlen_P.o)
                              c:/program files (x86)/atmel/studio/7.0/toolchain/avr8/avr8-gnu-toolchain/bin/../lib/gcc/avr/4.9.2/../../../../avr/lib/avr5\libc.a(vfprintf_std.o) (strnlen_P)
c:/program files (x86)/atmel/studio/7.0/toolchain/avr8/avr8-gnu-toolchain/bin/../lib/gcc/avr/4.9.2/../../../../avr/lib/avr5\libc.a(strnlen.o)
                              c:/program files (x86)/atmel/studio/7.0/toolchain/avr8/avr8-gnu-toolchain/bin/../lib/gcc/avr/4.9.2/../../../../avr/lib/avr5\libc.a(vfprintf_std.o) (strnlen)
c:/program files (x86)/atmel/studio/7.0/toolchain/avr8/avr8-gnu-toolchain/bin/../lib/gcc/avr/4.9.2/../../../../avr/lib/avr5\libc.a(fputc.o)
                              c:/program files (x86)/atmel/studio/7.0/toolchain/avr8/avr8-gnu-toolchain/bin/../lib/gcc/avr/4.9.2/../../../../avr/lib/avr5\libc.a(vfprintf_std.o) (fputc)
c:/program files (x86)/atmel/studio/7.0/toolchain/avr8/avr8-gnu-toolchain/bin/../lib/gcc/avr/4.9.2/../../../../avr/lib/avr5\libc.a(ultoa_invert.o)
                              c:/program files (x86)/atmel/studio/7.0/toolchain/avr8/avr8-gnu-toolchain/bin/../lib/gcc/avr/4.9.2/../../../../avr/lib/avr5\libc.a(vfprintf_std.o) (__ultoa_invert)
C:/Program Files (x86)/Atmel/Studio/7.0/Packs/atmel/ATmega_DFP/1.0.98/gcc/dev/atmega32u4/avr5\libatmega32u4.a(eerd_byte.o)
                              LUFA/Drivers/USB/Core/AVR8/EndpointStream_AVR8.o (eeprom_read_byte)
C:/Program Files (x86)/Atmel/Studio/7.0/Packs/atmel/ATmega_DFP/1.0.98/gcc/dev/atmega32u4/avr5\libatmega32u4.a(eeupd_byte.o)
                              LUFA/Drivers/USB/Core/AVR8/EndpointStream_AVR8.o (eeprom_update_byte)
c:/program files (x86)/atmel/studio/7.0/toolchain/avr8/avr8-gnu-toolchain/bin/../lib/gcc/avr/4.9.2/avr5\libgcc.a(_prologue.o)
                              c:/program files (x86)/atmel/studio/7.0/toolchain/avr8/avr8-gnu-toolchain/bin/../lib/gcc/avr/4.9.2/../../../../avr/lib/avr5\libc.a(sprintf.o) (__prologue_saves__)
c:/program files (x86)/atmel/studio/7.0/toolchain/avr8/avr8-gnu-toolchain/bin/../lib/gcc/avr/4.9.2/avr5\libgcc.a(_epilogue.o)
[...]
Memory Configuration

Name             Origin             Length             Attributes
text             0x00000000         0x00020000         xr
data             0x00800060         0x0000ffa0         rw !x
eeprom           0x00810000         0x00010000         rw !x
fuse             0x00820000         0x00000400         rw !x
lock             0x00830000         0x00000400         rw !x
signature        0x00840000         0x00000400         rw !x
user_signatures  0x00850000         0x00000400         rw !x
*default*        0x00000000         0xffffffff

Linker script and memory map

Address of section .data set to 0x800100
LOAD C:/Program Files (x86)/Atmel/Studio/7.0/Packs/atmel/ATmega_DFP/1.0.98/gcc/dev/atmega32u4/avr5/crtatmega32u4.o
LOAD FreeRTOS/croutine.o
LOAD FreeRTOS/event_groups.o
LOAD FreeRTOS/include/portable/GCC/ATMega323/port.o
LOAD FreeRTOS/include/portable/MemMang/heap_1.o
LOAD FreeRTOS/list.o
LOAD FreeRTOS/queue.o
LOAD FreeRTOS/tasks.o
LOAD FreeRTOS/timers.o
LOAD LUFA/Drivers/Board/Temperature.o
LOAD LUFA/Drivers/Peripheral/AVR8/Serial_AVR8.o
LOAD LUFA/Drivers/Peripheral/AVR8/TWI_AVR8.o
LOAD LUFA/Drivers/Peripheral/XMEGA/Serial_XMEGA.o
LOAD LUFA/Drivers/Peripheral/XMEGA/TWI_XMEGA.o
LOAD LUFA/Drivers/USB/Class/Common/HIDParser.o
LOAD LUFA/Drivers/USB/Class/Device/AudioClassDevice.o
LOAD LUFA/Drivers/USB/Class/Device/CDCClassDevice.o
LOAD LUFA/Drivers/USB/Class/Device/HIDClassDevice.o
LOAD LUFA/Drivers/USB/Class/Device/MassStorageClassDevice.o
LOAD LUFA/Drivers/USB/Class/Device/MIDIClassDevice.o
LOAD LUFA/Drivers/USB/Class/Device/PrinterClassDevice.o
LOAD LUFA/Drivers/USB/Class/Device/RNDISClassDevice.o
LOAD LUFA/Drivers/USB/Class/Host/AndroidAccessoryClassHost.o
LOAD LUFA/Drivers/USB/Class/Host/AudioClassHost.o
LOAD LUFA/Drivers/USB/Class/Host/CDCClassHost.o
LOAD LUFA/Drivers/USB/Class/Host/HIDClassHost.o
LOAD LUFA/Drivers/USB/Class/Host/MassStorageClassHost.o
LOAD LUFA/Drivers/USB/Class/Host/MIDIClassHost.o
LOAD LUFA/Drivers/USB/Class/Host/PrinterClassHost.o
LOAD LUFA/Drivers/USB/Class/Host/RNDISClassHost.o
LOAD LUFA/Drivers/USB/Class/Host/StillImageClassHost.o
LOAD LUFA/Drivers/USB/Core/AVR8/Device_AVR8.o
LOAD LUFA/Drivers/USB/Core/AVR8/EndpointStream_AVR8.o
LOAD LUFA/Drivers/USB/Core/AVR8/Endpoint_AVR8.o
LOAD LUFA/Drivers/USB/Core/AVR8/Host_AVR8.o
LOAD LUFA/Drivers/USB/Core/AVR8/PipeStream_AVR8.o
LOAD LUFA/Drivers/USB/Core/AVR8/Pipe_AVR8.o
LOAD LUFA/Drivers/USB/Core/AVR8/Template/Template_Endpoint_Control_R.o
LOAD LUFA/Drivers/USB/Core/AVR8/Template/Template_Endpoint_Control_W.o
LOAD LUFA/Drivers/USB/Core/AVR8/Template/Template_Endpoint_RW.o
LOAD LUFA/Drivers/USB/Core/AVR8/Template/Template_Pipe_RW.o
LOAD LUFA/Drivers/USB/Core/AVR8/USBController_AVR8.o
LOAD LUFA/Drivers/USB/Core/AVR8/USBInterrupt_AVR8.o
LOAD LUFA/Drivers/USB/Core/ConfigDescriptors.o
LOAD LUFA/Drivers/USB/Core/DeviceStandardReq.o
LOAD LUFA/Drivers/USB/Core/Events.o
LOAD LUFA/Drivers/USB/Core/HostStandardReq.o
LOAD LUFA/Drivers/USB/Core/UC3/Device_UC3.o
LOAD LUFA/Drivers/USB/Core/UC3/EndpointStream_UC3.o
LOAD LUFA/Drivers/USB/Core/UC3/Endpoint_UC3.o
LOAD LUFA/Drivers/USB/Core/UC3/Host_UC3.o
LOAD LUFA/Drivers/USB/Core/UC3/PipeStream_UC3.o
LOAD LUFA/Drivers/USB/Core/UC3/Pipe_UC3.o
LOAD LUFA/Drivers/USB/Core/UC3/Template/Template_Endpoint_Control_R.o
LOAD LUFA/Drivers/USB/Core/UC3/Template/Template_Endpoint_Control_W.o
LOAD LUFA/Drivers/USB/Core/UC3/Template/Template_Endpoint_RW.o
LOAD LUFA/Drivers/USB/Core/UC3/Template/Template_Pipe_RW.o
LOAD LUFA/Drivers/USB/Core/UC3/USBController_UC3.o
LOAD LUFA/Drivers/USB/Core/UC3/USBInterrupt_UC3.o
LOAD LUFA/Drivers/USB/Core/USBTask.o
LOAD LUFA/Drivers/USB/Core/XMEGA/Device_XMEGA.o
LOAD LUFA/Drivers/USB/Core/XMEGA/EndpointStream_XMEGA.o
LOAD LUFA/Drivers/USB/Core/XMEGA/Endpoint_XMEGA.o
LOAD LUFA/Drivers/USB/Core/XMEGA/Host_XMEGA.o
LOAD LUFA/Drivers/USB/Core/XMEGA/PipeStream_XMEGA.o
LOAD LUFA/Drivers/USB/Core/XMEGA/Pipe_XMEGA.o
LOAD LUFA/Drivers/USB/Core/XMEGA/Template/Template_Endpoint_Control_R.o
LOAD LUFA/Drivers/USB/Core/XMEGA/Template/Template_Endpoint_Control_W.o
LOAD LUFA/Drivers/USB/Core/XMEGA/Template/Template_Endpoint_RW.o
LOAD LUFA/Drivers/USB/Core/XMEGA/USBController_XMEGA.o
LOAD LUFA/Drivers/USB/Core/XMEGA/USBInterrupt_XMEGA.o
LOAD LUFA/Platform/UC3/Exception.o
LOAD LUFA/Platform/UC3/InterruptManagement.o
LOAD main.o
LOAD nrf24l01p/nrf24l01p.o
START GROUP
LOAD c:/program files (x86)/atmel/studio/7.0/toolchain/avr8/avr8-gnu-toolchain/bin/../lib/gcc/avr/4.9.2/../../../../avr/lib/avr5\libm.a
END GROUP
START GROUP
LOAD c:/program files (x86)/atmel/studio/7.0/toolchain/avr8/avr8-gnu-toolchain/bin/../lib/gcc/avr/4.9.2/avr5\libgcc.a
LOAD c:/program files (x86)/atmel/studio/7.0/toolchain/avr8/avr8-gnu-toolchain/bin/../lib/gcc/avr/4.9.2/../../../../avr/lib/avr5\libm.a
LOAD c:/program files (x86)/atmel/studio/7.0/toolchain/avr8/avr8-gnu-toolchain/bin/../lib/gcc/avr/4.9.2/../../../../avr/lib/avr5\libc.a
LOAD C:/Program Files (x86)/Atmel/Studio/7.0/Packs/atmel/ATmega_DFP/1.0.98/gcc/dev/atmega32u4/avr5\libatmega32u4.a
END GROUP

.hash
 *(.hash)

.dynsym
 *(.dynsym)

.dynstr
 *(.dynstr)

.gnu.version
 *(.gnu.version)

.gnu.version_d
 *(.gnu.version_d)

.gnu.version_r
 *(.gnu.version_r)

.rel.init
 *(.rel.init)

.rela.init
 *(.rela.init)

.rel.text
 *(.rel.text)
 *(.rel.text.*)
 *(.rel.gnu.linkonce.t*)

.rela.text
 *(.rela.text)
 *(.rela.text.*)
 *(.rela.gnu.linkonce.t*)

.rel.fini
 *(.rel.fini)

.rela.fini
 *(.rela.fini)

.rel.rodata
 *(.rel.rodata)
 *(.rel.rodata.*)
 *(.rel.gnu.linkonce.r*)

.rela.rodata
 *(.rela.rodata)
 *(.rela.rodata.*)
 *(.rela.gnu.linkonce.r*)

.rel.data
 *(.rel.data)
 *(.rel.data.*)
 *(.rel.gnu.linkonce.d*)

.rela.data
 *(.rela.data)
 *(.rela.data.*)
 *(.rela.gnu.linkonce.d*)

.rel.ctors
 *(.rel.ctors)

.rela.ctors
 *(.rela.ctors)

.rel.dtors
 *(.rel.dtors)

.rela.dtors
 *(.rela.dtors)

.rel.got
 *(.rel.got)

.rela.got
 *(.rela.got)

.rel.bss
 *(.rel.bss)

.rela.bss
 *(.rela.bss)

.rel.plt
 *(.rel.plt)

.rela.plt
 *(.rela.plt)

.text           0x00000000     0x1e2a
 *(.vectors)
 .vectors       0x00000000       0xac C:/Program Files (x86)/Atmel/Studio/7.0/Packs/atmel/ATmega_DFP/1.0.98/gcc/dev/atmega32u4/avr5/crtatmega32u4.o
                0x00000000                __vector_default
                0x00000000                __vectors
 *(.vectors)
 *(.progmem.gcc*)
                0x000000ac                . = ALIGN (0x2)
                0x000000ac                __trampolines_start = .
 *(.trampolines)
 .trampolines   0x000000ac        0x0 linker stubs
 *(.trampolines*)
                0x000000ac                __trampolines_end = .
 *(.progmem*)
                0x000000ac                . = ALIGN (0x2)
 *(.jumptables)
 *(.jumptables*)
 *(.lowtext)
 *(.lowtext*)
                0x000000ac                __ctors_start = .
 *(.ctors)
                0x000000ac                __ctors_end = .
                0x000000ac                __dtors_start = .
 *(.dtors)
                0x000000ac                __dtors_end = .
 SORT(*)(.ctors)
 SORT(*)(.dtors)
 *(.init0)
 .init0         0x000000ac        0x0 C:/Program Files (x86)/Atmel/Studio/7.0/Packs/atmel/ATmega_DFP/1.0.98/gcc/dev/atmega32u4/avr5/crtatmega32u4.o
                0x000000ac                __init
 *(.init0)
 *(.init1)
 *(.init1)
 *(.init2)
 .init2         0x000000ac        0xc C:/Program Files (x86)/Atmel/Studio/7.0/Packs/atmel/ATmega_DFP/1.0.98/gcc/dev/atmega32u4/avr5/crtatmega32u4.o
 *(.init2)
 *(.init3)
 *(.init3)
 *(.init4)
 .init4         0x000000b8       0x16 c:/program files (x86)/atmel/studio/7.0/toolchain/avr8/avr8-gnu-toolchain/bin/../lib/gcc/avr/4.9.2/avr5\libgcc.a(_copy_data.o)
                0x000000b8                __do_copy_data
 .init4         0x000000ce       0x10 c:/program files (x86)/atmel/studio/7.0/toolchain/avr8/avr8-gnu-toolchain/bin/../lib/gcc/avr/4.9.2/avr5\libgcc.a(_clear_bss.o)
                0x000000ce                __do_clear_bss
 *(.init4)
 *(.init5)
 *(.init5)
 *(.init6)
 *(.init6)
 *(.init7)
 *(.init7)
 *(.init8)
 *(.init8)
 *(.init9)
 .init9         0x000000de        0x8 C:/Program Files (x86)/Atmel/Studio/7.0/Packs/atmel/ATmega_DFP/1.0.98/gcc/dev/atmega32u4/avr5/crtatmega32u4.o
 *(.init9)
 *(.text)
 .text          0x000000e6        0x4 C:/Program Files (x86)/Atmel/Studio/7.0/Packs/atmel/ATmega_DFP/1.0.98/gcc/dev/atmega32u4/avr5/crtatmega32u4.o
                0x000000e6                __vector_38
                0x000000e6                __vector_22
                0x000000e6                __vector_28
                0x000000e6                __vector_1
                0x000000e6                __vector_32
                0x000000e6                __vector_34
                0x000000e6                __vector_24
                0x000000e6                __vector_12
                0x000000e6                __bad_interrupt
                0x000000e6                __vector_6
                0x000000e6                __vector_31
                0x000000e6                __vector_35
                0x000000e6                __vector_39
                0x000000e6                __vector_3
                0x000000e6                __vector_23
                0x000000e6                __vector_30
                0x000000e6                __vector_25
                0x000000e6                __vector_11
                0x000000e6                __vector_13
                0x000000e6                __vector_19
                0x000000e6                __vector_7
                0x000000e6                __vector_41
                0x000000e6                __vector_27
                0x000000e6                __vector_5
                0x000000e6                __vector_33
                0x000000e6                __vector_37
                0x000000e6                __vector_4
                0x000000e6                __vector_9
                0x000000e6                __vector_2
                0x000000e6                __vector_21
                0x000000e6                __vector_15
                0x000000e6                __vector_36
                0x000000e6                __vector_29
                0x000000e6                __vector_40
                0x000000e6                __vector_8
                0x000000e6                __vector_26
                0x000000e6                __vector_14
                0x000000e6                __vector_16
                0x000000e6                __vector_18
                0x000000e6                __vector_20
                0x000000e6                __vector_42
                0x000000ea                . = ALIGN (0x2)
 *(.text.*)
 .text.pxPortInitialiseStack
                0x000000ea       0xd8 FreeRTOS/include/portable/GCC/ATMega323/port.o
                0x000000ea                pxPortInitialiseStack
 .text.xPortStartScheduler
                0x000001c2       0x74 FreeRTOS/include/portable/GCC/ATMega323/port.o
                0x000001c2                xPortStartScheduler
 .text.vPortYield
                0x00000236       0xb2 FreeRTOS/include/portable/GCC/ATMega323/port.o
                0x00000236                vPortYield
 .text.vPortYieldFromTick
                0x000002e8       0xb8 FreeRTOS/include/portable/GCC/ATMega323/port.o
                0x000002e8                vPortYieldFromTick
 .text.__vector_17
                0x000003a0        0x6 FreeRTOS/include/portable/GCC/ATMega323/port.o
                0x000003a0                __vector_17
 .text.pvPortMalloc
                0x000003a6       0x6a FreeRTOS/include/portable/MemMang/heap_1.o
                0x000003a6                pvPortMalloc
 .text.vPortFree
                0x00000410        0x2 FreeRTOS/include/portable/MemMang/heap_1.o
                0x00000410                vPortFree
 .text.vListInitialise
                0x00000412       0x1c FreeRTOS/list.o
                0x00000412                vListInitialise
 .text.vListInitialiseItem
                0x0000042e        0x8 FreeRTOS/list.o
                0x0000042e                vListInitialiseItem
 .text.vListInsertEnd
                0x00000436       0x42 FreeRTOS/list.o
                0x00000436                vListInsertEnd
 .text.vListInsert
                0x00000478       0x62 FreeRTOS/list.o
                0x00000478                vListInsert
 .text.uxListRemove
                0x000004da       0x4c FreeRTOS/list.o
                0x000004da                uxListRemove
 .text.prvIdleTask
                0x00000526        0x2 FreeRTOS/tasks.o
 .text.prvAddCurrentTaskToDelayedList
                0x00000528       0x6e FreeRTOS/tasks.o
 .text.xTaskGenericCreate
                0x00000596      0x210 FreeRTOS/tasks.o
                0x00000596                xTaskGenericCreate
 .text.vTaskStartScheduler
                0x000007a6       0x56 FreeRTOS/tasks.o
                0x000007a6                vTaskStartScheduler
 .text.vTaskSuspendAll
                0x000007fc        0xc FreeRTOS/tasks.o
                0x000007fc                vTaskSuspendAll
 .text.xTaskIncrementTick
                0x00000808      0x1b2 FreeRTOS/tasks.o
                0x00000808                xTaskIncrementTick
 .text.xTaskResumeAll
                0x000009ba      0x104 FreeRTOS/tasks.o
                0x000009ba                xTaskResumeAll
 .text.vTaskDelay
                0x00000abe       0x40 FreeRTOS/tasks.o
                0x00000abe                vTaskDelay
 .text.vTaskSwitchContext
                0x00000afe       0xda FreeRTOS/tasks.o
                0x00000afe                vTaskSwitchContext
 .text.Endpoint_ConfigureEndpoint_Prv
                0x00000bd8       0xcc LUFA/Drivers/USB/Core/AVR8/Endpoint_AVR8.o
                0x00000bd8                Endpoint_ConfigureEndpoint_Prv
 .text.__vector_10
                0x00000ca4      0x18e LUFA/Drivers/USB/Core/AVR8/USBInterrupt_AVR8.o
                0x00000ca4                __vector_10
 .text.USB_Event_Stub
                0x00000e32        0x2 LUFA/Drivers/USB/Core/Events.o
                0x00000e32                EVENT_USB_Device_ConfigurationChanged
                0x00000e32                EVENT_USB_Device_Connect
                0x00000e32                EVENT_USB_Device_WakeUp
                0x00000e32                USB_Event_Stub
                0x00000e32                EVENT_USB_Device_Suspend
                0x00000e32                EVENT_USB_Device_StartOfFrame
                0x00000e32                EVENT_USB_Device_Disconnect
                0x00000e32                EVENT_USB_Device_Reset
                0x00000e32                EVENT_USB_Device_ControlRequest
 .text.thread_1
                0x00000e34      0x16a main.o
                0x00000e34                thread_1
 .text.main     0x00000f9e       0x28 main.o
                0x00000f9e                main
 .text.arch_spi_master_transmit_byte_val
                0x00000fc6        0xc nrf24l01p/nrf24l01p.o
 .text.arch_spi_master_transmit_byte_ref
                0x00000fd2       0x10 nrf24l01p/nrf24l01p.o
 .text._nrf24l01p_ce_pin
                0x00000fe2       0x10 nrf24l01p/nrf24l01p.o
                0x00000fe2                _nrf24l01p_ce_pin
 .text._nrf24l01p_csn_pin
                0x00000ff2       0x10 nrf24l01p/nrf24l01p.o
                0x00000ff2                _nrf24l01p_csn_pin
 .text._nrf24l01p_read_register
                0x00001002       0x52 nrf24l01p/nrf24l01p.o
                0x00001002                _nrf24l01p_read_register
 .text._nrf24l01p_write_register
                0x00001054       0x50 nrf24l01p/nrf24l01p.o
                0x00001054                _nrf24l01p_write_register
 .text._nrf24l01p_write_tx_payload
                0x000010a4       0x4a nrf24l01p/nrf24l01p.o
                0x000010a4                _nrf24l01p_write_tx_payload
 .text._nrf24l01p_flush_tx
                0x000010ee       0x14 nrf24l01p/nrf24l01p.o
                0x000010ee                _nrf24l01p_flush_tx
 .text._nrf24l01p_flush_rx
                0x00001102       0x14 nrf24l01p/nrf24l01p.o
                0x00001102                _nrf24l01p_flush_rx
 .text._nrf24l01p_get_status
                0x00001116       0x1e nrf24l01p/nrf24l01p.o
                0x00001116                _nrf24l01p_get_status
 .text._nrf24l01p_power_up
                0x00001134       0x4a nrf24l01p/nrf24l01p.o
                0x00001134                _nrf24l01p_power_up
 .text._nrf24l01p_power_down
                0x0000117e       0x3e nrf24l01p/nrf24l01p.o
                0x0000117e                _nrf24l01p_power_down
 .text._nrf24l01p_rx_mode
                0x000011bc       0x3e nrf24l01p/nrf24l01p.o
                0x000011bc                _nrf24l01p_rx_mode
 .text._nrf24l01p_tx_mode
                0x000011fa       0x3e nrf24l01p/nrf24l01p.o
                0x000011fa                _nrf24l01p_tx_mode
 .text._nrf24l01p_enable_auto_ack
                0x00001238       0x4e nrf24l01p/nrf24l01p.o
                0x00001238                _nrf24l01p_enable_auto_ack
 .text._nrf24l01p_disable_auto_ack_all_pipes
                0x00001286       0x24 nrf24l01p/nrf24l01p.o
                0x00001286                _nrf24l01p_disable_auto_ack_all_pipes
 .text._nrf24l01p_enable_rx_on_pipe
                0x000012aa       0x4e nrf24l01p/nrf24l01p.o
                0x000012aa                _nrf24l01p_enable_rx_on_pipe
 .text._nrf24l01p_set_auto_retransmission_delay
                0x000012f8       0x48 nrf24l01p/nrf24l01p.o
                0x000012f8                _nrf24l01p_set_auto_retransmission_delay
 .text._nrf24l01p_set_DataRate
                0x00001340       0x42 nrf24l01p/nrf24l01p.o
                0x00001340                _nrf24l01p_set_DataRate
 .text._nrf24l01p_get_max_retry_flag
                0x00001382       0x14 nrf24l01p/nrf24l01p.o
                0x00001382                _nrf24l01p_get_max_retry_flag
 .text._nrf24l01p_clear_max_retry_flag
                0x00001396       0x2a nrf24l01p/nrf24l01p.o
                0x00001396                _nrf24l01p_clear_max_retry_flag
 .text._nrf24l01p_get_data_sent_flag
                0x000013c0       0x18 nrf24l01p/nrf24l01p.o
                0x000013c0                _nrf24l01p_get_data_sent_flag
 .text._nrf24l01p_clear_data_sent_flag
                0x000013d8       0x2a nrf24l01p/nrf24l01p.o
                0x000013d8                _nrf24l01p_clear_data_sent_flag
 .text._nrf24l01p_set_RX_pipe_address
                0x00001402       0xe0 nrf24l01p/nrf24l01p.o
                0x00001402                _nrf24l01p_set_RX_pipe_address
 .text._nrf24l01p_set_TX_pipe_address
                0x000014e2       0x8a nrf24l01p/nrf24l01p.o
                0x000014e2                _nrf24l01p_set_TX_pipe_address
 .text._nrf24l01p_enable_dynamic_payload_pipe
                0x0000156c       0x4e nrf24l01p/nrf24l01p.o
                0x0000156c                _nrf24l01p_enable_dynamic_payload_pipe
 .text._nrf24l01p_disable_dynamic_payload_all_pipe
                0x000015ba       0x24 nrf24l01p/nrf24l01p.o
                0x000015ba                _nrf24l01p_disable_dynamic_payload_all_pipe
 .text._nrf24l01p_enable_dynamic_payload
                0x000015de       0x38 nrf24l01p/nrf24l01p.o
                0x000015de                _nrf24l01p_enable_dynamic_payload
 .text._nrf24l01p_enable_payload_with_ack
                0x00001616       0x38 nrf24l01p/nrf24l01p.o
                0x00001616                _nrf24l01p_enable_payload_with_ack
 .text._nrf24l01p_startup
                0x0000164e       0x66 nrf24l01p/nrf24l01p.o
                0x0000164e                _nrf24l01p_startup
 .text._nrf24l01p_init
                0x000016b4       0x72 nrf24l01p/nrf24l01p.o
                0x000016b4                _nrf24l01p_init
 .text._nrf24l01p_write
                0x00001726       0xa6 nrf24l01p/nrf24l01p.o
                0x00001726                _nrf24l01p_write
 .text._nrf24l01p_write_to_address_ack
                0x000017cc       0x6e nrf24l01p/nrf24l01p.o
                0x000017cc                _nrf24l01p_write_to_address_ack
 .text.libgcc.builtins
                0x0000183a       0x3c c:/program files (x86)/atmel/studio/7.0/toolchain/avr8/avr8-gnu-toolchain/bin/../lib/gcc/avr/4.9.2/avr5\libgcc.a(_ashrdi3.o)
                0x0000183a                __ashrdi3
                0x0000183e                __lshrdi3
 .text.avr-libc
                0x00001876       0x46 c:/program files (x86)/atmel/studio/7.0/toolchain/avr8/avr8-gnu-toolchain/bin/../lib/gcc/avr/4.9.2/../../../../avr/lib/avr5\libc.a(sprintf.o)
                0x00001876                sprintf
 .text.avr-libc
                0x000018bc      0x3a4 c:/program files (x86)/atmel/studio/7.0/toolchain/avr8/avr8-gnu-toolchain/bin/../lib/gcc/avr/4.9.2/../../../../avr/lib/avr5\libc.a(vfprintf_std.o)
                0x000018bc                vfprintf
 .text.avr-libc
                0x00001c60       0x16 c:/program files (x86)/atmel/studio/7.0/toolchain/avr8/avr8-gnu-toolchain/bin/../lib/gcc/avr/4.9.2/../../../../avr/lib/avr5\libc.a(strnlen_P.o)
                0x00001c60                strnlen_P
 .text.avr-libc
                0x00001c76       0x16 c:/program files (x86)/atmel/studio/7.0/toolchain/avr8/avr8-gnu-toolchain/bin/../lib/gcc/avr/4.9.2/../../../../avr/lib/avr5\libc.a(strnlen.o)
                0x00001c76                strnlen
 .text.avr-libc
                0x00001c8c       0x70 c:/program files (x86)/atmel/studio/7.0/toolchain/avr8/avr8-gnu-toolchain/bin/../lib/gcc/avr/4.9.2/../../../../avr/lib/avr5\libc.a(fputc.o)
                0x00001c8c                fputc
 .text.avr-libc
                0x00001cfc       0xbc c:/program files (x86)/atmel/studio/7.0/toolchain/avr8/avr8-gnu-toolchain/bin/../lib/gcc/avr/4.9.2/../../../../avr/lib/avr5\libc.a(ultoa_invert.o)
                0x00001cfc                __ultoa_invert
 .text.libgcc.prologue
                0x00001db8       0x38 c:/program files (x86)/atmel/studio/7.0/toolchain/avr8/avr8-gnu-toolchain/bin/../lib/gcc/avr/4.9.2/avr5\libgcc.a(_prologue.o)
                0x00001db8                __prologue_saves__
 .text.libgcc.prologue
                0x00001df0       0x36 c:/program files (x86)/atmel/studio/7.0/toolchain/avr8/avr8-gnu-toolchain/bin/../lib/gcc/avr/4.9.2/avr5\libgcc.a(_epilogue.o)
                0x00001df0                __epilogue_restores__
                0x00001e26                . = ALIGN (0x2)
 *(.fini9)
 .fini9         0x00001e26        0x0 c:/program files (x86)/atmel/studio/7.0/toolchain/avr8/avr8-gnu-toolchain/bin/../lib/gcc/avr/4.9.2/avr5\libgcc.a(_exit.o)
                0x00001e26                _exit
                0x00001e26                exit
 *(.fini9)
 *(.fini8)
 *(.fini8)
 *(.fini7)
 *(.fini7)
 *(.fini6)
 *(.fini6)
 *(.fini5)
 *(.fini5)
 *(.fini4)
 *(.fini4)
 *(.fini3)
 *(.fini3)
 *(.fini2)
 *(.fini2)
 *(.fini1)
 *(.fini1)
 *(.fini0)
 .fini0         0x00001e26        0x4 c:/program files (x86)/atmel/studio/7.0/toolchain/avr8/avr8-gnu-toolchain/bin/../lib/gcc/avr/4.9.2/avr5\libgcc.a(_exit.o)
 *(.fini0)
                0x00001e2a                _etext = .

.data           0x00800100       0x24 load address 0x00001e2a
                0x00800100                PROVIDE (__data_start, .)
 *(.data)
 *(.data*)
 .data.xNextTaskUnblockTime
                0x00800100        0x2 FreeRTOS/tasks.o
 *(.rodata)
 *(.rodata*)
 .rodata.str1.1
                0x00800102        0x5 FreeRTOS/tasks.o
 .rodata.str1.1
                0x00800107       0x1c main.o
 *(.gnu.linkonce.d*)
                0x00800124                . = ALIGN (0x2)
 *fill*         0x00800123        0x1 
                0x00800124                _edata = .
                0x00800124                PROVIDE (__data_end, .)

.bss            0x00800124      0x3b5
                0x00800124                PROVIDE (__bss_start, .)
 *(.bss)
 *(.bss*)
 .bss.pucAlignedHeap.1855
                0x00800124        0x2 FreeRTOS/include/portable/MemMang/heap_1.o
 .bss.xNextFreeByte
                0x00800126        0x2 FreeRTOS/include/portable/MemMang/heap_1.o
 .bss.ucHeap    0x00800128      0x352 FreeRTOS/include/portable/MemMang/heap_1.o
 .bss.uxSchedulerSuspended
                0x0080047a        0x1 FreeRTOS/tasks.o
 .bss.uxTaskNumber
                0x0080047b        0x1 FreeRTOS/tasks.o
 .bss.xNumOfOverflows
                0x0080047c        0x1 FreeRTOS/tasks.o
 .bss.xYieldPending
                0x0080047d        0x1 FreeRTOS/tasks.o
 .bss.uxPendedTicks
                0x0080047e        0x1 FreeRTOS/tasks.o
 .bss.xSchedulerRunning
                0x0080047f        0x1 FreeRTOS/tasks.o
 .bss.uxTopReadyPriority
                0x00800480        0x1 FreeRTOS/tasks.o
 .bss.xTickCount
                0x00800481        0x2 FreeRTOS/tasks.o
 .bss.uxCurrentNumberOfTasks
                0x00800483        0x1 FreeRTOS/tasks.o
 .bss.xPendingReadyList
                0x00800484        0x9 FreeRTOS/tasks.o
 .bss.pxOverflowDelayedTaskList
                0x0080048d        0x2 FreeRTOS/tasks.o
 .bss.pxDelayedTaskList
                0x0080048f        0x2 FreeRTOS/tasks.o
 .bss.xDelayedTaskList2
                0x00800491        0x9 FreeRTOS/tasks.o
 .bss.xDelayedTaskList1
                0x0080049a        0x9 FreeRTOS/tasks.o
 .bss.pxReadyTasksLists
                0x008004a3       0x24 FreeRTOS/tasks.o
 .bss.pxCurrentTCB
                0x008004c7        0x2 FreeRTOS/tasks.o
                0x008004c7                pxCurrentTCB
 *(COMMON)
 COMMON         0x008004c9        0x3 LUFA/Drivers/USB/Core/DeviceStandardReq.o
                0x008004c9                USB_Device_ConfigurationNumber
                0x008004ca                USB_Device_CurrentlySelfPowered
                0x008004cb                USB_Device_RemoteWakeupEnabled
 COMMON         0x008004cc        0xa LUFA/Drivers/USB/Core/USBTask.o
                0x008004cc                USB_IsInitialized
                0x008004cd                USB_DeviceState
                0x008004ce                USB_ControlRequest
 COMMON         0x008004d6        0x3 main.o
                0x008004d6                csn_value
                0x008004d7                ce_value
                0x008004d8                mode
                0x008004d9                PROVIDE (__bss_end, .)
                0x00001e2a                __data_load_start = LOADADDR (.data)
                0x00001e4e                __data_load_end = (__data_load_start + SIZEOF (.data))

.noinit         0x008004d9        0x0
                0x008004d9                PROVIDE (__noinit_start, .)
 *(.noinit*)
                0x008004d9                PROVIDE (__noinit_end, .)
                0x008004d9                _end = .
                0x008004d9                PROVIDE (__heap_start, .)

.eeprom         0x00810000        0x0
 *(.eeprom*)
                0x00810000                __eeprom_end = .

.fuse
 *(.fuse)
 *(.lfuse)
 *(.hfuse)
 *(.efuse)

.lock
 *(.lock*)

.signature
 *(.signature*)

.user_signatures
 *(.user_signatures*)

.stab
 *(.stab)

.stabstr
 *(.stabstr)

.stab.excl
 *(.stab.excl)

.stab.exclstr
 *(.stab.exclstr)

.stab.index
 *(.stab.index)

.stab.indexstr
 *(.stab.indexstr)

.comment        0x00000000       0x5c
 *(.comment)
 .comment       0x00000000       0x30 FreeRTOS/include/portable/GCC/ATMega323/port.o
                                 0x31 (size before relaxing)
 .comment       0x00000030       0x31 FreeRTOS/include/portable/MemMang/heap_1.o
 .comment       0x00000030       0x31 FreeRTOS/list.o
 .comment       0x00000030       0x31 FreeRTOS/tasks.o
 .comment       0x00000030       0x31 LUFA/Drivers/USB/Core/AVR8/Endpoint_AVR8.o
 .comment       0x00000030       0x31 LUFA/Drivers/USB/Core/AVR8/USBInterrupt_AVR8.o
 .comment       0x00000030       0x31 LUFA/Drivers/USB/Core/DeviceStandardReq.o
 .comment       0x00000030       0x31 LUFA/Drivers/USB/Core/Events.o
 .comment       0x00000030       0x31 LUFA/Drivers/USB/Core/USBTask.o
 .comment       0x00000030       0x31 main.o
 .comment       0x00000030       0x31 nrf24l01p/nrf24l01p.o
 .comment       0x00000030       0x31 c:/program files (x86)/atmel/studio/7.0/toolchain/avr8/avr8-gnu-toolchain/bin/../lib/gcc/avr/4.9.2/../../../../avr/lib/avr5\libc.a(sprintf.o)
 .comment       0x00000030       0x2c c:/program files (x86)/atmel/studio/7.0/toolchain/avr8/avr8-gnu-toolchain/bin/../lib/gcc/avr/4.9.2/../../../../avr/lib/avr5\libc.a(vfprintf_std.o)
                                 0x2d (size before relaxing)
 .comment       0x0000005c       0x31 c:/program files (x86)/atmel/studio/7.0/toolchain/avr8/avr8-gnu-toolchain/bin/../lib/gcc/avr/4.9.2/../../../../avr/lib/avr5\libc.a(fputc.o)

.note.gnu.avr.deviceinfo
                0x00000000       0x40
 .note.gnu.avr.deviceinfo
                0x00000000       0x40 C:/Program Files (x86)/Atmel/Studio/7.0/Packs/atmel/ATmega_DFP/1.0.98/gcc/dev/atmega32u4/avr5/crtatmega32u4.o

.note.gnu.build-id
 *(.note.gnu.build-id)

.debug
 *(.debug)

.line
 *(.line)

.debug_srcinfo
 *(.debug_srcinfo)

.debug_sfnames
 *(.debug_sfnames)

.debug_aranges  0x00000000      0x500
 *(.debug_aranges)
 .debug_aranges
                0x00000000       0x48 FreeRTOS/include/portable/GCC/ATMega323/port.o
 .debug_aranges
                0x00000048       0x38 FreeRTOS/include/portable/MemMang/heap_1.o
 .debug_aranges
                0x00000080       0x40 FreeRTOS/list.o
 .debug_aranges
                0x000000c0       0xc8 FreeRTOS/tasks.o
 .debug_aranges
                0x00000188       0x40 LUFA/Drivers/USB/Core/AVR8/Endpoint_AVR8.o
 .debug_aranges
                0x000001c8       0x30 LUFA/Drivers/USB/Core/AVR8/USBInterrupt_AVR8.o
 .debug_aranges
                0x000001f8       0x20 LUFA/Drivers/USB/Core/DeviceStandardReq.o
 .debug_aranges
                0x00000218       0x20 LUFA/Drivers/USB/Core/Events.o
 .debug_aranges
                0x00000238       0x20 LUFA/Drivers/USB/Core/USBTask.o
 .debug_aranges
                0x00000258       0x28 main.o
 .debug_aranges
                0x00000280      0x280 nrf24l01p/nrf24l01p.o

.debug_pubnames
 *(.debug_pubnames)

.debug_info     0x00000000     0x5f4b
 *(.debug_info .gnu.linkonce.wi.*)
 .debug_info    0x00000000      0x261 FreeRTOS/include/portable/GCC/ATMega323/port.o
 .debug_info    0x00000261      0x1ad FreeRTOS/include/portable/MemMang/heap_1.o
 .debug_info    0x0000040e      0x2c6 FreeRTOS/list.o
 .debug_info    0x000006d4     0x11b3 FreeRTOS/tasks.o
 .debug_info    0x00001887      0x60c LUFA/Drivers/USB/Core/AVR8/Endpoint_AVR8.o
 .debug_info    0x00001e93      0x673 LUFA/Drivers/USB/Core/AVR8/USBInterrupt_AVR8.o
 .debug_info    0x00002506      0xa88 LUFA/Drivers/USB/Core/DeviceStandardReq.o
 .debug_info    0x00002f8e       0x78 LUFA/Drivers/USB/Core/Events.o
 .debug_info    0x00003006      0x26b LUFA/Drivers/USB/Core/USBTask.o
 .debug_info    0x00003271      0x708 main.o
 .debug_info    0x00003979     0x25d2 nrf24l01p/nrf24l01p.o

.debug_abbrev   0x00000000     0x14a8
 *(.debug_abbrev)
 .debug_abbrev  0x00000000      0x167 FreeRTOS/include/portable/GCC/ATMega323/port.o
 .debug_abbrev  0x00000167      0x12e FreeRTOS/include/portable/MemMang/heap_1.o
 .debug_abbrev  0x00000295       0xf8 FreeRTOS/list.o
 .debug_abbrev  0x0000038d      0x321 FreeRTOS/tasks.o
 .debug_abbrev  0x000006ae      0x220 LUFA/Drivers/USB/Core/AVR8/Endpoint_AVR8.o
 .debug_abbrev  0x000008ce      0x1d5 LUFA/Drivers/USB/Core/AVR8/USBInterrupt_AVR8.o
 .debug_abbrev  0x00000aa3      0x2cb LUFA/Drivers/USB/Core/DeviceStandardReq.o
 .debug_abbrev  0x00000d6e       0x44 LUFA/Drivers/USB/Core/Events.o
 .debug_abbrev  0x00000db2      0x168 LUFA/Drivers/USB/Core/USBTask.o
 .debug_abbrev  0x00000f1a      0x1de main.o
 .debug_abbrev  0x000010f8      0x3b0 nrf24l01p/nrf24l01p.o

.debug_line     0x00000000     0x2046
 *(.debug_line .debug_line.* .debug_line_end)
 .debug_line    0x00000000      0x19f FreeRTOS/include/portable/GCC/ATMega323/port.o
 .debug_line    0x0000019f      0x1d0 FreeRTOS/include/portable/MemMang/heap_1.o
 .debug_line    0x0000036f      0x166 FreeRTOS/list.o
 .debug_line    0x000004d5      0x4c8 FreeRTOS/tasks.o
 .debug_line    0x0000099d      0x3b5 LUFA/Drivers/USB/Core/AVR8/Endpoint_AVR8.o
 .debug_line    0x00000d52      0x389 LUFA/Drivers/USB/Core/AVR8/USBInterrupt_AVR8.o
 .debug_line    0x000010db      0x34f LUFA/Drivers/USB/Core/DeviceStandardReq.o
 .debug_line    0x0000142a       0x4e LUFA/Drivers/USB/Core/Events.o
 .debug_line    0x00001478      0x16b LUFA/Drivers/USB/Core/USBTask.o
 .debug_line    0x000015e3      0x175 main.o
 .debug_line    0x00001758      0x8ee nrf24l01p/nrf24l01p.o

.debug_frame    0x00000000     0x1098
 *(.debug_frame)
 .debug_frame   0x00000000       0x74 FreeRTOS/include/portable/GCC/ATMega323/port.o
 .debug_frame   0x00000074       0x60 FreeRTOS/include/portable/MemMang/heap_1.o
 .debug_frame   0x000000d4       0x88 FreeRTOS/list.o
 .debug_frame   0x0000015c      0x2ac FreeRTOS/tasks.o
 .debug_frame   0x00000408       0xf4 LUFA/Drivers/USB/Core/AVR8/Endpoint_AVR8.o
 .debug_frame   0x000004fc       0x8c LUFA/Drivers/USB/Core/AVR8/USBInterrupt_AVR8.o
 .debug_frame   0x00000588       0x40 LUFA/Drivers/USB/Core/DeviceStandardReq.o
 .debug_frame   0x000005c8       0x24 LUFA/Drivers/USB/Core/Events.o
 .debug_frame   0x000005ec       0x2c LUFA/Drivers/USB/Core/USBTask.o
 .debug_frame   0x00000618       0x44 main.o
 .debug_frame   0x0000065c      0xa3c nrf24l01p/nrf24l01p.o

.debug_str      0x00000000     0x25a6
 *(.debug_str)
 .debug_str     0x00000000      0x28d FreeRTOS/include/portable/GCC/ATMega323/port.o
                                0x2d1 (size before relaxing)
 .debug_str     0x0000028d       0xcf FreeRTOS/include/portable/MemMang/heap_1.o
                                0x24d (size before relaxing)
 .debug_str     0x0000035c      0x13c FreeRTOS/list.o
                                0x2af (size before relaxing)
 .debug_str     0x00000498      0x54c FreeRTOS/tasks.o
                                0x8cd (size before relaxing)
 .debug_str     0x000009e4      0x46e LUFA/Drivers/USB/Core/AVR8/Endpoint_AVR8.o
                                0x601 (size before relaxing)
 .debug_str     0x00000e52      0x25e LUFA/Drivers/USB/Core/AVR8/USBInterrupt_AVR8.o
                                0x515 (size before relaxing)
 .debug_str     0x000010b0      0x660 LUFA/Drivers/USB/Core/DeviceStandardReq.o
                                0x9b3 (size before relaxing)
 .debug_str     0x00001710       0x31 LUFA/Drivers/USB/Core/Events.o
                                0x185 (size before relaxing)
 .debug_str     0x00001741       0x79 LUFA/Drivers/USB/Core/USBTask.o
                                0x366 (size before relaxing)
 .debug_str     0x000017ba      0x2eb main.o
                                0x537 (size before relaxing)
 .debug_str     0x00001aa5      0xb01 nrf24l01p/nrf24l01p.o
                                0xf67 (size before relaxing)

.debug_loc      0x00000000     0x4430
 *(.debug_loc)
 .debug_loc     0x00000000      0x2ac FreeRTOS/include/portable/GCC/ATMega323/port.o
 .debug_loc     0x000002ac       0xf1 FreeRTOS/include/portable/MemMang/heap_1.o
 .debug_loc     0x0000039d      0x145 FreeRTOS/list.o
 .debug_loc     0x000004e2      0xdf5 FreeRTOS/tasks.o
 .debug_loc     0x000012d7      0x5f9 LUFA/Drivers/USB/Core/AVR8/Endpoint_AVR8.o
 .debug_loc     0x000018d0      0x247 LUFA/Drivers/USB/Core/AVR8/USBInterrupt_AVR8.o
 .debug_loc     0x00001b17      0x2ea LUFA/Drivers/USB/Core/DeviceStandardReq.o
 .debug_loc     0x00001e01       0x49 LUFA/Drivers/USB/Core/USBTask.o
 .debug_loc     0x00001e4a       0x7f main.o
 .debug_loc     0x00001ec9     0x2567 nrf24l01p/nrf24l01p.o

.debug_macinfo
 *(.debug_macinfo)

.debug_weaknames
 *(.debug_weaknames)

.debug_funcnames
 *(.debug_funcnames)

.debug_typenames
 *(.debug_typenames)

.debug_varnames
 *(.debug_varnames)

.debug_pubtypes
 *(.debug_pubtypes)

.debug_ranges   0x00000000      0x6a0
 *(.debug_ranges)
 .debug_ranges  0x00000000       0x38 FreeRTOS/include/portable/GCC/ATMega323/port.o
 .debug_ranges  0x00000038       0x28 FreeRTOS/include/portable/MemMang/heap_1.o
 .debug_ranges  0x00000060       0x30 FreeRTOS/list.o
 .debug_ranges  0x00000090      0x100 FreeRTOS/tasks.o
 .debug_ranges  0x00000190      0x1a8 LUFA/Drivers/USB/Core/AVR8/Endpoint_AVR8.o
 .debug_ranges  0x00000338       0x20 LUFA/Drivers/USB/Core/AVR8/USBInterrupt_AVR8.o
 .debug_ranges  0x00000358       0x58 LUFA/Drivers/USB/Core/DeviceStandardReq.o
 .debug_ranges  0x000003b0       0x10 LUFA/Drivers/USB/Core/Events.o
 .debug_ranges  0x000003c0       0x10 LUFA/Drivers/USB/Core/USBTask.o
 .debug_ranges  0x000003d0       0x18 main.o
 .debug_ranges  0x000003e8      0x2b8 nrf24l01p/nrf24l01p.o

.debug_macro
 *(.debug_macro)
OUTPUT(MicroBird.elf elf32-avr)
LOAD linker stubs
